// Jest Snapshot v1, https://goo.gl/fbAQLP

exports[`should render exp summary 1`] = `
<div>
  <h1>
    Viewing 
     
    expenses
     totaling 
    $0.00
  </h1>
</div>
`;

exports[`should render exp summary with empty message 1`] = `
<div>
  <h1>
    Viewing 
     
    expenses
     totaling 
    $0.00
  </h1>
</div>
`;
