// Jest Snapshot v1, https://goo.gl/fbAQLP

exports[`should render exp list 1`] = `
<Link
  className="list-item"
  replace={false}
  to="edit/3"
>
  <div>
    <h3
      className="list-item__title"
    >
      Credit Card
    </h3>
    <span
      className="list-item__subtitle"
    >
      1970 January 4th
    </span>
  </div>
  <h3
    className="list-item__data"
  >
    $2.00
  </h3>
</Link>
`;
